    Checking oms-sidecar v0.1.0 (D:\GithubLocal\PolyQuant\oms-sidecar)
error[E0433]: failed to resolve: use of unresolved module or unlinked crate `hex`
   --> src\exchanges\limitless.rs:138:35
    |
138 |     let sig_hex = format!("0x{}", hex::encode(signature.as_bytes()));
    |                                   ^^^ use of unresolved module or unlinked crate `hex`
    |
    = help: if you wanted to use a crate named `hex`, use `cargo add hex` to add it to your `Cargo.toml`
help: consider importing this crate
    |
  1 + use alloy::hex;
    |

warning: unused import: `alloy::sol`
 --> src\exchanges\limitless.rs:4:5
  |
4 | use alloy::sol;
  |     ^^^^^^^^^^
  |
  = note: `#[warn(unused_imports)]` (part of `#[warn(unused)]`) on by default

warning: unused import: `SolStruct`
 --> src\exchanges\limitless.rs:5:39
  |
5 | use alloy::sol_types::{eip712_domain, SolStruct};
  |                                       ^^^^^^^^^

warning: unused import: `error`
  --> src\exchanges\limitless.rs:11:21
   |
11 | use tracing::{info, error, debug};
   |                     ^^^^^

warning: unused import: `error`
 --> src\exchanges\polymarket.rs:3:21
  |
3 | use tracing::{info, error};
  |                     ^^^^^

error[E0599]: no method named `sign_typed_data` found for struct `LocalSigner<C>` in the current scope
   --> src\exchanges\limitless.rs:137:28
    |
137 |     let signature = signer.sign_typed_data(&order, &domain).await?;
    |                            ^^^^^^^^^^^^^^^ method not found in `LocalSigner<ecdsa::signing::SigningKey<Secp256k1>>`

error[E0282]: type annotations needed
   --> src\exchanges\limitless.rs:137:9
    |
137 |     let signature = signer.sign_typed_data(&order, &domain).await?;
    |         ^^^^^^^^^
138 |     let sig_hex = format!("0x{}", hex::encode(signature.as_bytes()));
    |                                               --------- type must be known at this point
    |
help: consider giving `signature` an explicit type
    |
137 |     let signature: /* Type */ = signer.sign_typed_data(&order, &domain).await?;
    |                  ++++++++++++

warning: unused import: `alloy::signers::Signer`
 --> src\exchanges\limitless.rs:2:5
  |
2 | use alloy::signers::Signer;
  |     ^^^^^^^^^^^^^^^^^^^^^^

Some errors have detailed explanations: E0282, E0433, E0599.
For more information about an error, try `rustc --explain E0282`.
warning: `oms-sidecar` (lib) generated 5 warnings
error: could not compile `oms-sidecar` (lib) due to 3 previous errors; 5 warnings emitted
